C51 COMPILER V9.02   ELEVATOR1                                                             12/18/2014 22:19:11 PAGE 1   


C51 COMPILER V9.02, COMPILATION OF MODULE ELEVATOR1
OBJECT MODULE PLACED IN elevator1.OBJ
COMPILER INVOKED BY: C:\Keil\C51\BIN\C51.EXE elevator1.c BROWSE DEBUG OBJECTEXTEND

line level    source

*** WARNING C500 IN LINE 1 OF ELEVATOR1.C: LICENSE ERROR (R201: INVALID LICENSE ID CODE (LIC))

   1          #include<reg51.h>
   2          
   3          sbit m0=P3^0;
   4          sbit m1=P3^1;
   5          sbit m2=P3^2;
   6          sbit m3=P3^3;
   7          sbit m4=P3^4;
   8          sbit m5=P3^5;
   9          sbit m6=P3^6;
  10          sbit m7=P3^7;
  11          
  12          
  13          sbit sm0=P1^0;
  14          sbit sm1=P1^1;
  15          sbit sm2=P1^2;
  16          sbit sm3=P1^3;
  17          sbit sm4=P1^4;
  18          sbit sm5=P1^5;
  19          sbit sm6=P1^6;
  20          sbit sm7=P1^7;
  21          
  22          void delay()
  23          {
  24   1              unsigned int k,l;
  25   1              for(k=0;k<60000;k++);
  26   1              for(l=0;l<60000;l++);
  27   1      }
  28          
  29          
  30          
  31          void main()
  32          {
  33   1              unsigned char i;
  34   1              P3=0x00;
  35   1              P1=0xff;
  36   1              m0=1;
  37   1              while(1)
  38   1              {
  39   2              if(sm0==0)
  40   2              {
  41   3                       if(i==1)
  42   3                       {
  43   4                              m1=0;
  44   4                              m0=1;
  45   4                      }
  46   3                      if(i==2)
  47   3                      {
  48   4                              m2=0;
  49   4                              m1=1;
  50   4                              delay();
  51   4                              m1=0;
  52   4                              m0=0;
  53   4                      }
  54   3                      if(i==3)
C51 COMPILER V9.02   ELEVATOR1                                                             12/18/2014 22:19:11 PAGE 2   

  55   3                      {
  56   4                              m3=0;
  57   4                              m2=1;
  58   4                              delay();
  59   4                              m2=0;
  60   4                              m1=1;
  61   4                              delay();
  62   4                              m1=0;
  63   4                              m0=1;
  64   4                      }
  65   3      
  66   3                  if(i==4)
  67   3                      {       m4=0;
  68   4                              m3=1;
  69   4                              delay();
  70   4                              m3=0;
  71   4                              m2=1;
  72   4                              delay();
  73   4                              m2=0;
  74   4                              m1=1;
  75   4                              delay();
  76   4                              m1=0;
  77   4                              m0=1;
  78   4                      }
  79   3                      if(i==5)
  80   3                      {       
  81   4                              m5=0;
  82   4                              m4=1;
  83   4                              delay();
  84   4                              m4=0;
  85   4                              m3=1;
  86   4                              delay();
  87   4                              m3=0;
  88   4                              m2=1;
  89   4                              delay();
  90   4                              m2=0;
  91   4                              m1=1;
  92   4                              delay();
  93   4                              m1=0;
  94   4                              m0=1;
  95   4                      }
  96   3                      if(i==6)
  97   3                      {       m6=0;
  98   4                              m5=1;
  99   4                              delay();
 100   4                              m5=0;
 101   4                              m4=1;
 102   4                              delay();
 103   4                              m4=0;
 104   4                              m3=1;
 105   4                              delay();
 106   4                              m3=0;
 107   4                              m2=1;
 108   4                              delay();
 109   4                              m2=0;
 110   4                              m1=1;
 111   4                              delay();
 112   4                              m1=0;
 113   4                              m0=1;
 114   4                      }
 115   3                      if(i==7)
 116   3                      {       
C51 COMPILER V9.02   ELEVATOR1                                                             12/18/2014 22:19:11 PAGE 3   

 117   4                              m7=0;
 118   4                              m6=1;
 119   4                              delay();
 120   4                              m6=0;
 121   4                              m5=1;
 122   4                              delay();
 123   4                              m5=0;
 124   4                              m4=1;
 125   4                              delay();
 126   4                              m4=0;
 127   4                              m3=1;
 128   4                              delay();
 129   4                              m3=0;
 130   4                              m2=1;
 131   4                              delay();
 132   4                              m2=0;
 133   4                              m1=1;
 134   4                              delay();
 135   4                              m1=0;
 136   4                              m0=1;
 137   4                      }
 138   3                       i=0;
 139   3      
 140   3              }
 141   2              if(sm1==0)
 142   2                      {       
 143   3                              if(i==0)
 144   3                              {
 145   4                                      m0=0;
 146   4                                      m1=1;
 147   4                              }
 148   3                              if(i==2)
 149   3                              {
 150   4                                      m2=0;
 151   4                                      m1=1;
 152   4                              }
 153   3                              if(i==3)
 154   3                              {
 155   4                                      m3=0;
 156   4                                      m2=1;
 157   4                                      delay();
 158   4                                      m2=0;
 159   4                                      m1=1;
 160   4                              }
 161   3      
 162   3                              if(i==4)
 163   3                              {
 164   4                              m4=0;
 165   4                              m3=1;
 166   4                              delay();
 167   4                              m3=0;
 168   4                              m2=1;
 169   4                              delay();
 170   4                              m2=0;
 171   4                              m1=1;
 172   4                              
 173   4                      }
 174   3                      if(i==5)
 175   3                      {       
 176   4                              m5=0;
 177   4                              m4=1;
 178   4                              delay();
C51 COMPILER V9.02   ELEVATOR1                                                             12/18/2014 22:19:11 PAGE 4   

 179   4                              m4=0;
 180   4                              m3=1;
 181   4                              delay();
 182   4                              m3=0;
 183   4                              m2=1;
 184   4                              delay();
 185   4                              m2=0;
 186   4                              m1=1;
 187   4                      
 188   4                      }
 189   3                      if(i==6)
 190   3                      {       m6=0;
 191   4                              m5=1;
 192   4                              delay();
 193   4                              m5=0;
 194   4                              m4=1;
 195   4                              delay();
 196   4                              m4=0;
 197   4                              m3=1;
 198   4                              delay();
 199   4                              m3=0;
 200   4                              m2=1;
 201   4                              delay();
 202   4                              m2=0;
 203   4                              m1=1;
 204   4                              
 205   4                      }
 206   3                      if(i==7)
 207   3                      {       
 208   4                              m7=0;
 209   4                              m6=1;
 210   4                              delay();
 211   4                              m6=0;
 212   4                              m5=1;
 213   4                              delay();
 214   4                              m5=0;
 215   4                              m4=1;
 216   4                              delay();
 217   4                              m4=0;
 218   4                              m3=1;
 219   4                              delay();
 220   4                              m3=0;
 221   4                              m2=1;
 222   4                              delay();
 223   4                              m2=0;
 224   4                              m1=1;
 225   4                              
 226   4                      }
 227   3                      
 228   3                              i=1;
 229   3                      }
 230   2              if(sm2==0)
 231   2                      {       
 232   3                              if(i==0)
 233   3                              {
 234   4                                      
 235   4                                      m0=0; 
 236   4                                      m1=1;
 237   4                                      delay();
 238   4                                      m1=0;
 239   4                                      m2=1;
 240   4                              }
C51 COMPILER V9.02   ELEVATOR1                                                             12/18/2014 22:19:11 PAGE 5   

 241   3      
 242   3                              if(i==1)
 243   3                              {
 244   4                                      m1=0;
 245   4                                      m2=1;
 246   4                              }
 247   3                              if(i==3)
 248   3                              {
 249   4                                      m3=0;
 250   4                                      m2=1;
 251   4                              }
 252   3                              if(i==4)
 253   3                      {       m4=0;
 254   4                              m3=1;
 255   4                              delay();
 256   4                              m3=0;
 257   4                              m2=1;
 258   4                              
 259   4                      }
 260   3                      if(i==5)
 261   3                      {       
 262   4                              m5=0;
 263   4                              m4=1;
 264   4                              delay();
 265   4                              m4=0;
 266   4                              m3=1;
 267   4                              delay();
 268   4                              m3=0;
 269   4                              m2=1;
 270   4                              
 271   4                      }
 272   3                      if(i==6)
 273   3                      {       m6=0;
 274   4                              m5=1;
 275   4                              delay();
 276   4                              m5=0;
 277   4                              m4=1;
 278   4                              delay();
 279   4                              m4=0;
 280   4                              m3=1;
 281   4                              delay();
 282   4                              m3=0;
 283   4                              m2=1;
 284   4                      }
 285   3                      if(i==7)
 286   3                      {       
 287   4                              m7=0;
 288   4                              m6=1;
 289   4                              delay();
 290   4                              m6=0;
 291   4                              m5=1;
 292   4                              delay();
 293   4                              m5=0;
 294   4                              m4=1;
 295   4                              delay();
 296   4                              m4=0;
 297   4                              m3=1;
 298   4                              delay();
 299   4                              m3=0;
 300   4                              m2=1;
 301   4                      
 302   4                      }
C51 COMPILER V9.02   ELEVATOR1                                                             12/18/2014 22:19:11 PAGE 6   

 303   3                              i=2;
 304   3                      }
 305   2              if(sm3==0)
 306   2                      {
 307   3                              if(i==0)
 308   3                              {
 309   4                                      m0=0;
 310   4                                      m1=1;
 311   4                                      delay();
 312   4                                      m1=0;
 313   4                                      m2=1;
 314   4                                      delay();
 315   4                                      m2=0;
 316   4                                      m3=1;
 317   4                              }
 318   3                              if(i==1)
 319   3                              {
 320   4                                      m1=0;
 321   4                                      m2=1;
 322   4                                      delay();
 323   4                                      m2=0;
 324   4                                      m3=1;
 325   4                              }
 326   3                               if(i==2)
 327   3                               {
 328   4                                      m2=0;
 329   4                                      m3=1;
 330   4                              }
 331   3                              if(i==4)
 332   3                      {       m4=0;
 333   4                              m3=1;
 334   4                              
 335   4                      }
 336   3                      if(i==5)
 337   3                      {       
 338   4                              m5=0;
 339   4                              m4=1;
 340   4                              delay();
 341   4                              m4=0;
 342   4                              m3=1;
 343   4                      
 344   4                      }
 345   3                      if(i==6)
 346   3                      {       m6=0;
 347   4                              m5=1;
 348   4                              delay();
 349   4                              m5=0;
 350   4                              m4=1;
 351   4                              delay();
 352   4                              m4=0;
 353   4                              m3=1;
 354   4                      
 355   4                      }
 356   3                      if(i==7)
 357   3                      {       
 358   4                              m7=0;
 359   4                              m6=1;
 360   4                              delay();
 361   4                              m6=0;
 362   4                              m5=1;
 363   4                              delay();
 364   4                              m5=0;
C51 COMPILER V9.02   ELEVATOR1                                                             12/18/2014 22:19:11 PAGE 7   

 365   4                              m4=1;
 366   4                              delay();
 367   4                              m4=0;
 368   4                              m3=1;
 369   4                      
 370   4                      }
 371   3                              i=3;
 372   3                      }
 373   2      
 374   2      
 375   2              if(sm4==0)
 376   2              {
 377   3                              
 378   3                      if(i==0)
 379   3                      {
 380   4                              m0=0;
 381   4                              m1=1;delay();
 382   4                              m1=0;
 383   4                              m2=1;delay();
 384   4                              m2=0;
 385   4                              m3=1;delay();
 386   4                              m3=0;
 387   4                              m4=1;
 388   4                      }
 389   3      
 390   3                       if(i==1)
 391   3                       {      m1=0;
 392   4                              m2=1;
 393   4                              delay();
 394   4                              m2=0;
 395   4                              m3=1;delay();
 396   4                              m3=0;
 397   4                              m4=1;
 398   4                       
 399   4                      }
 400   3                      if(i==2)
 401   3                      {
 402   4                              m2=0;
 403   4                              m3=1;delay();
 404   4                              m3=0;
 405   4                              m4=1;
 406   4                      }
 407   3                      if(i==3)
 408   3                      {       m3=0;
 409   4                              m4=1;
 410   4                              
 411   4                      }
 412   3      
 413   3                  if(i==5)
 414   3                      {       
 415   4                              m5=0;
 416   4                              m4=1;
 417   4                      
 418   4                      }
 419   3                      if(i==6)
 420   3                      {       
 421   4                              m6=0;
 422   4                              m5=1;
 423   4                              delay();
 424   4                              m5=0;
 425   4                              m4=1;
 426   4                              
C51 COMPILER V9.02   ELEVATOR1                                                             12/18/2014 22:19:11 PAGE 8   

 427   4                      }
 428   3                      if(i==7)
 429   3                      {       m7=0;
 430   4                              m6=1;
 431   4                              delay();
 432   4                              m6=0;
 433   4                              m5=1;
 434   4                              delay();
 435   4                              m5=0;
 436   4                              m4=1;
 437   4                              
 438   4                      }
 439   3                      
 440   3                       i=4;
 441   3      
 442   3              }
 443   2      
 444   2              if(sm5==0)
 445   2              {
 446   3                              
 447   3                      if(i==0)
 448   3                      {
 449   4                              m0=0;
 450   4                              m1=1;delay();
 451   4                              m1=0;
 452   4                              m2=1;delay();
 453   4                              m2=0;
 454   4                              m3=1;delay();
 455   4                              m3=0;
 456   4                              m4=1;delay();
 457   4                              m4=0;
 458   4                              m5=1;
 459   4                      }
 460   3      
 461   3                       if(i==1)
 462   3                       {      m1=0;
 463   4                              m2=1;
 464   4                              delay();
 465   4                              m2=0;
 466   4                              m3=1;delay();
 467   4                              m3=0;
 468   4                              m4=1;delay();
 469   4                              m4=0;
 470   4                              m5=1;
 471   4                       
 472   4                      }
 473   3                      if(i==2)
 474   3                      {
 475   4                              m2=0;
 476   4                              m3=1;delay();
 477   4                              m3=0;
 478   4                              m4=1;delay();
 479   4                              m4=0;
 480   4                              m5=1;
 481   4                      }
 482   3                      if(i==3)
 483   3                      {       m3=0;
 484   4                              m4=1;delay();
 485   4                              m4=0;
 486   4                              m5=1;
 487   4                              
 488   4                      }
C51 COMPILER V9.02   ELEVATOR1                                                             12/18/2014 22:19:11 PAGE 9   

 489   3      
 490   3                  if(i==4)
 491   3                      {       
 492   4                              m4=0;
 493   4                              m5=1;
 494   4                      
 495   4                      }
 496   3                      if(i==6)
 497   3                      {       
 498   4                              m6=0;
 499   4                              m5=1;
 500   4                                                      
 501   4                      }
 502   3                      if(i==7)
 503   3                      {       
 504   4                              m7=0;
 505   4                              m6=1;delay();
 506   4                              m6=0;
 507   4                              m5=1;
 508   4                                                      
 509   4                      }
 510   3                      
 511   3                       i=5;
 512   3      
 513   3              }
 514   2      
 515   2      
 516   2                      if(sm6==0)
 517   2              {
 518   3                              
 519   3                      if(i==0)
 520   3                      {
 521   4                              m0=0;
 522   4                              m1=1;delay();
 523   4                              m1=0;
 524   4                              m2=1;delay();
 525   4                              m2=0;
 526   4                              m3=1;delay();
 527   4                              m3=0;
 528   4                              m4=1;delay();
 529   4                              m4=0;
 530   4                              m5=1;delay();
 531   4                              m5=0;
 532   4                              m6=1;
 533   4      
 534   4                      }
 535   3      
 536   3                       if(i==1)
 537   3                       {      m1=0;
 538   4                              m2=1;
 539   4                              delay();
 540   4                              m2=0;
 541   4                              m3=1;delay();
 542   4                              m3=0;
 543   4                              m4=1;delay();
 544   4                              m4=0;
 545   4                          m5=1;delay();
 546   4                              m5=0;
 547   4                              m6=1;
 548   4                       
 549   4                      }
 550   3                      if(i==2)
C51 COMPILER V9.02   ELEVATOR1                                                             12/18/2014 22:19:11 PAGE 10  

 551   3                      {
 552   4                              m2=0;
 553   4                              m3=1;delay();
 554   4                              m3=0;
 555   4                              m4=1;delay();
 556   4                              m4=0;
 557   4                              m5=1;delay();
 558   4                              m5=0;
 559   4                              m6=1;
 560   4                      }
 561   3                      if(i==3)
 562   3                      {       m3=0;
 563   4                              m4=1;delay();
 564   4                              m4=0;
 565   4                      m5=1;delay();
 566   4                              m5=0;
 567   4                              m6=1;                   
 568   4                              
 569   4                      }
 570   3      
 571   3                  if(i==4)
 572   3                      {       
 573   4                              m4=0;
 574   4                              m5=1;delay();
 575   4                              m5=0;
 576   4                              m6=1;
 577   4                      
 578   4                      }
 579   3                      if(i==5)
 580   3                      {       
 581   4                              m5=0;
 582   4                              m6=1;
 583   4                                                      
 584   4                      }
 585   3                      if(i==7)
 586   3                      {       
 587   4                              m7=0;
 588   4                              m6=1;                                   
 589   4                      }
 590   3                      
 591   3                       i=6;
 592   3      
 593   3              }
 594   2      
 595   2              
 596   2      
 597   2                              if(sm7==0)
 598   2              {
 599   3                              
 600   3                      if(i==0)
 601   3                      {
 602   4                              m0=0;
 603   4                              m1=1;delay();
 604   4                              m1=0;
 605   4                              m2=1;delay();
 606   4                              m2=0;
 607   4                              m3=1;delay();
 608   4                              m3=0;
 609   4                              m4=1;delay();
 610   4                              m4=0;
 611   4                              m5=1;delay();
 612   4                              m5=0;
C51 COMPILER V9.02   ELEVATOR1                                                             12/18/2014 22:19:11 PAGE 11  

 613   4                              m6=1;delay();
 614   4                              m6=0;
 615   4                              m7=1;
 616   4      
 617   4                      }
 618   3      
 619   3                       if(i==1)
 620   3                       {      m1=0;
 621   4                              m2=1;
 622   4                              delay();
 623   4                              m2=0;
 624   4                              m3=1;delay();
 625   4                              m3=0;
 626   4                              m4=1;delay();
 627   4                              m4=0;
 628   4                          m5=1;delay();
 629   4                              m5=0;
 630   4                              m6=1;delay();
 631   4                              m6=0;
 632   4                              m7=1;
 633   4                       
 634   4                      }
 635   3                      if(i==2)
 636   3                      {
 637   4                              m2=0;
 638   4                              m3=1;delay();
 639   4                              m3=0;
 640   4                              m4=1;delay();
 641   4                              m4=0;
 642   4                              m5=1;delay();
 643   4                              m5=0;
 644   4                              m6=1;delay();
 645   4                              m6=0;
 646   4                              m7=1;
 647   4                      }
 648   3                      if(i==3)
 649   3                      {       m3=0;
 650   4                              m4=1;delay();
 651   4                              m4=0;
 652   4                      m5=1;delay();
 653   4                              m5=0;
 654   4                              m6=1;delay();
 655   4                              m6=0;
 656   4                              m7=1;                   
 657   4                              
 658   4                      }
 659   3      
 660   3                  if(i==4)
 661   3                      {       
 662   4                              m4=0;
 663   4                              m5=1;delay();
 664   4                              m5=0;
 665   4                              m6=1;delay();
 666   4                              m6=0;
 667   4                              m7=1;
 668   4                      
 669   4                      }
 670   3                      if(i==5)
 671   3                      {       
 672   4                              m5=0;
 673   4                              m6=1;delay();
 674   4                              m6=0;
C51 COMPILER V9.02   ELEVATOR1                                                             12/18/2014 22:19:11 PAGE 12  

 675   4                              m7=1;
 676   4                                                      
 677   4                      }
 678   3                      if(i==6)
 679   3                      {       
 680   4                              m6=0;
 681   4                              m7=1;                                   
 682   4                      }
 683   3                      
 684   3                       i=7;
 685   3      
 686   3              }
 687   2      
 688   2               }
 689   1      
 690   1                              
 691   1      
 692   1      
 693   1      }


MODULE INFORMATION:   STATIC OVERLAYABLE
   CODE SIZE        =   1269    ----
   CONSTANT SIZE    =   ----    ----
   XDATA SIZE       =   ----    ----
   PDATA SIZE       =   ----    ----
   DATA SIZE        =   ----       1
   IDATA SIZE       =   ----    ----
   BIT SIZE         =   ----    ----
END OF MODULE INFORMATION.


C51 COMPILATION COMPLETE.  1 WARNING(S),  0 ERROR(S)
