C51 COMPILER V9.03   TASK_2                                                                06/19/2013 14:10:08 PAGE 1   


C51 COMPILER V9.03, COMPILATION OF MODULE TASK_2
OBJECT MODULE PLACED IN task-2.OBJ
COMPILER INVOKED BY: D:\Program Files\C51\BIN\C51.EXE task-2.c BROWSE DEBUG OBJECTEXTEND

line level    source

   1          #include<reg51.h>
   2          sbit sw P1^0
*** ERROR C141 IN LINE 2 OF task-2.c: syntax error near 'P1', expected '='
   3          void increment();
*** ERROR C141 IN LINE 3 OF task-2.c: syntax error near 'void', expected ';'
   4          void decrement();
   5          void shift_left();
   6          void shift_right();
   7          void shift_rightfull();
   8          void shift_leftfull();
   9          void delay(unsigned int time);
  10          int a[8]={0x80,0x40,0x20,0x10,0x08,0x04,0x02,0x01};
  11          int b[8]={0x01,0x02,0x04,0x08,0x10,0x20,0x40,0x80};
  12          int e[8]={0x80,0xc0,0xe0,0xfe,0xf8,0xfc,0xfe,0xff};
  13          int f[8]={0xfe,0xfc,0xf8,0xfe,0xe0,0xc0,0x80,0x00};
  14          void main()
  15          {
  16   1         increment();
  17   1         delay(200);
  18   1         decrement();
  19   1         delay(200);
  20   1         shift_left();
  21   1         delay(200);
  22   1         shift_right();
  23   1         delay(200);
  24   1         shift_rightfull();
  25   1         delay(200);
  26   1         shift_leftfull();
  27   1         delay(200);
  28   1      }
  29          void delay(unsigned int time)
  30          {
  31   1         int i,j;
  32   1         for(i=0;i<time;i++)
  33   1         {
  34   2             for(j=0;j<1275;j++);
  35   2         }
  36   1      }
  37          void increment()
  38          {
  39   1         unsigned int k;
  40   1         for(k=0;k<256;k++)
  41   1         {
  42   2               delay(20);
  43   2               P1=k;
  44   2         }
  45   1      }
  46          void decrement()
  47          {
  48   1         unsigned int m;
  49   1         for(m=255;m>0;m--)
  50   1         {
  51   2               delay(20);
  52   2               P1=m;
  53   2         }
C51 COMPILER V9.03   TASK_2                                                                06/19/2013 14:10:08 PAGE 2   

  54   1      }
  55          void shift_right()
  56          {
  57   1            int n;
  58   1                for(n=0;n<9;n++)
  59   1                {
  60   2                      delay(200);
  61   2                      P1=a[n];
  62   2                }
  63   1      }
  64          void shift_left()
  65          {
  66   1            int c;
  67   1                for(c=0;c<9;c++)
  68   1                {
  69   2                    delay(200);
  70   2                    P1=b[c];
  71   2                }
  72   1      }
  73          void shift_rightfull()
  74          {
  75   1               int d;
  76   1               for(d=0;d<9;d++)
  77   1               {
  78   2                   delay(200);
  79   2                   P1=e[d];
  80   2               }
  81   1      }
  82          void shift_leftfull()
  83          {
  84   1               int g;
  85   1               for(g=0;g<9;g++)
  86   1               {
  87   2                   delay(200);
  88   2                   P1=f[g];
  89   2               }
  90   1      }

C51 COMPILATION COMPLETE.  0 WARNING(S),  2 ERROR(S)
